{
  "run_id": "native-preflight-ui-20260726-v1",
  "run_dir": "/Users/hesam/Documents/CARLA PY/runs/native-preflight-ui-20260726-v1",
  "manifest": "/Users/hesam/Documents/CARLA PY/runs/native-preflight-ui-20260726-v1/manifest.json",
  "summary": {
    "schema_version": "1.0",
    "object_type": "native_collection_preflight",
    "run_id": "native-preflight-ui-20260726-v1",
    "status": "not_ready",
    "read_only": true,
    "simulator_contacted": true,
    "simulator_mutated": false,
    "automated_ready": false,
    "manual_ready": false,
    "ready_for_native_execution": false,
    "scenario_plan": {
      "kind": "verified_scenario_plan",
      "run_id": "scenario-plan-thesis-pilot-v1",
      "path": "/Users/hesam/Documents/CARLA PY/runs/scenario-plan-thesis-pilot-v1/manifest.json",
      "sha256": "e78c5f6fc84e7675b0ba5d82aafee196e2c449bd7e84f4f88f507d0898cf73f2",
      "size_bytes": 3609,
      "suite_id": "suite-thesis-pilot-v1",
      "carla_version": "0.9.16"
    },
    "dataset": {
      "dataset_id": "ds-carla0916-native-integration-v001",
      "path": "/Users/hesam/Documents/CARLA PY/datasets/ds-carla0916-native-integration-v001",
      "output_available": true
    },
    "endpoint": {
      "host": "172.20.10.7",
      "port": 2000,
      "timeout_seconds": 3.0,
      "socket": {
        "reachable": true,
        "latency_ms": 7.454582999343984,
        "error": null
      },
      "bridge_read_only_rpc": {
        "succeeded": true,
        "server_version": "0.9.16",
        "map_name": "Carla/Maps/Town10HD_Opt",
        "latency_ms": 22.60549999482464,
        "error": null,
        "operations": [
          "version",
          "get_map_info"
        ]
      },
      "native_pythonapi": {
        "importable": false,
        "module_path": null,
        "package_version": null,
        "client_connected": false,
        "client_version": null,
        "server_version": null,
        "map_name": null,
        "world_synchronous_mode": null,
        "world_fixed_delta_seconds": null,
        "error": {
          "type": "RuntimeError",
          "module": "builtins",
          "message": "the native worker requires the version-matched CARLA 0.9.16 PythonAPI wheel/egg; provide it through --carla-python-api or PYTHONPATH"
        },
        "read_only_operations": [
          "Client",
          "get_client_version",
          "get_server_version",
          "get_world",
          "get_map",
          "get_settings"
        ]
      }
    },
    "selection": {
      "selected_episode_count": 1,
      "planned_capture_count": 150,
      "partition_counts": {
        "train": 1
      },
      "map_family_counts": {
        "Town10HD": 1
      }
    },
    "checks": {
      "count": 14,
      "passed": 7,
      "failed": 1,
      "pending": 2,
      "skipped": 3,
      "warnings": 1
    }
  }
}
