{
  "artifact_bytes": 189122,
  "artifact_count": 9,
  "checksum_index_count": 1,
  "checksum_index_entries": 8,
  "deep_verification": {
    "kind": "report",
    "metric_row_count": 23,
    "purpose": "development",
    "report_id": "rpt-framework-validation-20260726-v004",
    "source_count": 5
  },
  "external_reference_count": 5,
  "git": {
    "available": true,
    "commit": null,
    "dirty": true
  },
  "manifest": {
    "path": "/Users/hesam/Documents/CARLA PY/reports/rpt-framework-validation-20260726-v004/manifest.json",
    "sha256": "ce149284941dd190175001f0f7d48679edde384821f140bd869b144867dd373b",
    "size_bytes": 13598
  },
  "role_counts": {
    "report_checksum_index": 1,
    "report_configuration": 1,
    "report_document": 1,
    "report_metric_table": 1,
    "report_plot": 2,
    "report_release_manifest": 1,
    "report_source_artifact_table": 1,
    "report_source_inventory": 1
  },
  "root": "/Users/hesam/Documents/CARLA PY/reports/rpt-framework-validation-20260726-v004",
  "run_id": "rpt-framework-validation-20260726-v004",
  "schema_version": "1.0",
  "status": "success",
  "unregistered_file_count": 0
}
