{
  "run_id": "scenario-plan-operator-poc-v1",
  "run_dir": "/Users/hesam/Documents/CARLA PY/runs/scenario-plan-operator-poc-v1",
  "manifest": "/Users/hesam/Documents/CARLA PY/runs/scenario-plan-operator-poc-v1/manifest.json",
  "summary": {
    "schema_version": "1.0",
    "object_type": "scenario_plan",
    "suite_id": "suite-operator-town10-ui-poc-v1-v1",
    "split_plan_id": "split-operator-development-v1",
    "carla_version": "0.9.16",
    "master_seed": 20260726,
    "recipe_count": 1,
    "episode_count": 1,
    "planned_capture_count": 75,
    "partition_counts": {
      "train": 1
    },
    "map_family_counts": {
      "Town10HD": 1
    },
    "weather_counts": {
      "operator-soft-rain-sunset": 1
    },
    "runtime_sensor_contract": "front_monocular_rgb_only",
    "teacher_data_policy": "Privileged sensors and simulator state may create labels and evaluation metadata but are forbidden as deployable model inputs.",
    "determinism": {
      "single_tick_owner_required": true,
      "synchronous_world_required": true,
      "synchronous_traffic_manager_required": true,
      "reload_world_per_repetition_required": true,
      "fixed_delta_required": true,
      "exact_sensor_frame_match_required": true
    }
  }
}
